
> next-app@0.1.0 build
> next build

Ôû▓ Next.js 16.1.6 (Turbopack)

  Creating an optimized production build ...
node.exe : 
En línea: 1 Carácter: 1
+ & "C:\Program 
Files\nodejs/node.exe" 
"C:\Program 
Files\nodejs/node_mo 
...
+ ~~~~~~~~~~~~~~~~~~~~~
~~~~~~~~~~~~~~~~~~~~~~~
~~~~~~~~~~~~~~~~~~~~~~~
~~
    + CategoryInfo     
         : NotSpecifi  
  ed: (:String) [],    
 RemoteException
    + FullyQualifiedEr 
   rorId : NativeComm  
  andError
 
> Build error occurred
Error: Turbopack build 
failed with 2 errors:
./src/components/Proper
tyGallery.jsx:1:27
Ecmascript file had an 
error
[0m[31m[1m>[22m[39
m[90m 1 |[39m 
[36mimport[39m [33mR
eact[39m[33m,[39m { 
useState[33m,[39m 
useEffect } 
[36mfrom[39m [32m're
act'[39m[33m;[39m
 [90m   |[39m        
                   [31
m[1m^[22m[39m[31m[
1m^[22m[39m[31m[1m^
[22m[39m[31m[1m^[2
2m[39m[31m[1m^[22m
[39m[31m[1m^[22m[39
m[31m[1m^[22m[39m[
31m[1m^[22m[39m[31m
[1m^[22m[39m
 [90m 2 |[39m 
[36mimport[39m { 
getSafeImageUrl } 
[36mfrom[39m [32m'@/
lib/utils'[39m[33m;[
39m
 [90m 3 |[39m
 [90m 4 |[39m 
[36mconst[39m [33mPr
opertyGallery[39m 
[33m=[39m ({ 
media[33m,[39m title 
}) [33m=>[39m {[0m

You're importing a 
component that needs 
`useEffect`. This 
React Hook only works 
in a Client Component. 
To fix, mark the file 
(or its parent) with 
the `"use client"` 
directive.

 Learn more: https://ne
xtjs.org/docs/app/api-r
eference/directives/use
-client



Import trace:
  Server Component:
    ./src/components/Pr
opertyGallery.jsx
    ./src/app/propiedad
/[id]/page.js


./src/components/Proper
tyGallery.jsx:1:17
Ecmascript file had an 
error
[0m[31m[1m>[22m[39
m[90m 1 |[39m 
[36mimport[39m [33mR
eact[39m[33m,[39m { 
useState[33m,[39m 
useEffect } 
[36mfrom[39m [32m're
act'[39m[33m;[39m
 [90m   |[39m        
         [31m[1m^[22
m[39m[31m[1m^[22m[
39m[31m[1m^[22m[39m
[31m[1m^[22m[39m[3
1m[1m^[22m[39m[31m
[1m^[22m[39m[31m[1m
^[22m[39m[31m[1m^[
22m[39m
 [90m 2 |[39m 
[36mimport[39m { 
getSafeImageUrl } 
[36mfrom[39m [32m'@/
lib/utils'[39m[33m;[
39m
 [90m 3 |[39m
 [90m 4 |[39m 
[36mconst[39m [33mPr
opertyGallery[39m 
[33m=[39m ({ 
media[33m,[39m title 
}) [33m=>[39m {[0m

You're importing a 
component that needs 
`useState`. This React 
Hook only works in a 
Client Component. To 
fix, mark the file (or 
its parent) with the 
`"use client"` 
directive.

 Learn more: https://ne
xtjs.org/docs/app/api-r
eference/directives/use
-client



Import trace:
  Server Component:
    ./src/components/Pr
opertyGallery.jsx
    ./src/app/propiedad
/[id]/page.js


    at <unknown> (./src
/components/PropertyGal
lery.jsx:1:27)
    at <unknown> (./src
/components/PropertyGal
lery.jsx:1:17)
